// Jest Snapshot v1, https://goo.gl/fbAQLP

exports[`Atoms/Icon AngleDown smoke-test 1`] = `
<div id="1"
     style="width: 35px; height: 35px;"
>
  <svg viewbox="0 0 15 9"
       xmlns="http://www.w3.org/2000/svg"
       width="35"
       height="35"
  >
    <path fill-rule="evenodd"
          clip-rule="evenodd"
          d="M7.82633 8.70623L0.882568 1.54063L1.89405 0.496826L7.82633 6.61863L13.7586 0.496826L14.7701 1.54063L7.82633 8.70623Z"
    >
    </path>
  </svg>
</div>
`;
